ꝰ ſt ꝰ ū ꝙ ñ ſt ꝑ q̇ ſ ⁊ ſ q̇ūoſſſſ⁊ ꝙ ſſōſſtōpōſſm̃ ſ
ↄ -ūōſſt ?rij.Scꙋām̃ōſr̄ōt́āꝙſſr̄ſſr̄ñßh̊ꝑ⁊ꝰꙋm̃ꝑſr̄ſt̃ſꝑ
